2025-12-21 02:59:10,879 - __main__ - INFO - ============================================================
2025-12-21 02:59:10,880 - __main__ - INFO - Starting MigeCast IPTV Application
2025-12-21 02:59:10,880 - __main__ - INFO - ============================================================
2025-12-21 02:59:10,882 - __main__ - INFO - Directories created successfully
2025-12-21 02:59:10,902 - core.database - INFO - Database initialized (Singleton): data/migecast.db
2025-12-21 02:59:10,902 - __main__ - INFO - Database initialized (Singleton): data/migecast.db
2025-12-21 02:59:10,951 - __main__ - INFO - Qt Application created
2025-12-21 02:59:10,961 - __main__ - INFO - Using font: Segoe UI
2025-12-21 02:59:11,061 - core.video_player - INFO - VideoPlayer initialized successfully
2025-12-21 02:59:11,063 - __main__ - INFO - Video player initialized
2025-12-21 02:59:11,647 - utils.image_cache - INFO - ImageCache initialized with 10 max concurrent downloads
2025-12-21 02:59:11,649 - utils.image_cache - INFO - Found 6682 cached images in cache\images
2025-12-21 02:59:12,208 - utils.image_cache - INFO - ImageCache initialized with 10 max concurrent downloads
2025-12-21 02:59:12,212 - utils.image_cache - INFO - Found 6682 cached images in cache\images
2025-12-21 02:59:12,308 - utils.image_cache - INFO - ImageCache initialized with 10 max concurrent downloads
2025-12-21 02:59:12,324 - utils.image_cache - INFO - Found 6682 cached images in cache\images
2025-12-21 02:59:12,360 - ui.main_window - INFO - Main window initialized
2025-12-21 02:59:12,364 - ui.main_window - INFO - Keyboard shortcuts configured
2025-12-21 02:59:12,369 - __main__ - INFO - Main window created
2025-12-21 02:59:12,457 - __main__ - INFO - Main window displayed
2025-12-21 02:59:12,492 - __main__ - INFO - Entering application main loop
2025-12-21 02:59:12,516 - ui.player_widget - INFO - VLC output set to video_frame (winId: 8390552)
2025-12-21 02:59:12,557 - ui.main_window - INFO - Loading saved playlist: Moja IPTV Lista
2025-12-21 02:59:12,675 - core.playlist_parser - INFO - Loading playlist from cache (playlist_id: 1)
2025-12-21 02:59:12,712 - core.database - INFO - Loaded 1117 cached channels
2025-12-21 02:59:12,960 - core.database - INFO - Loaded 4984 cached VOD items
2025-12-21 02:59:13,080 - core.database - INFO - Loaded 2962 cached series items
2025-12-21 02:59:13,364 - core.playlist_parser - INFO - Loaded from cache: 1117 channels, 4984 VOD, 2962 series
2025-12-21 02:59:13,407 - ui.live_tv_widget - INFO - Loaded 2 favorite channels
2025-12-21 02:59:13,475 - ui.live_tv_widget - INFO - Loaded 1117 channels with 18 categories
2025-12-21 02:59:13,475 - ui.vod_widget - INFO - Loaded 2 favorite VODs
2025-12-21 02:59:13,606 - ui.vod_widget - INFO - Loaded 4984 VOD items with 15 categories
2025-12-21 02:59:13,612 - ui.series_widget - INFO - Loaded 2 favorite series
2025-12-21 02:59:13,821 - ui.series_widget - INFO - Loaded 2962 episodes grouped into 173 series
2025-12-21 02:59:13,826 - ui.main_window - INFO - Successfully loaded playlist with 1117 channels, 4984 VOD items, 2962 series (force_refresh=False)
2025-12-21 02:59:13,827 - ui.main_window - INFO - Stopping video player before returning to menu
2025-12-21 02:59:15,890 - ui.main_window - INFO - Stopping video player before switching to tv
2025-12-21 02:59:17,017 - ui.main_window - INFO - Playing channel: RS| ARENA PREMIUM 2 ⱽᴵᴾ ᴿᴬᵂ
2025-12-21 02:59:17,018 - ui.player_widget - INFO - ▶️ Playing URL with content_type: 'tv'
2025-12-21 02:59:17,019 - ui.player_widget - INFO - VLC output set to video_frame (winId: 8390552)
2025-12-21 02:59:17,021 - core.video_player - INFO - Playing URL: http://line.protv.cc:80/97caaa7c67/27bec9d9b26f/1861864
2025-12-21 02:59:17,673 - ui.main_window - INFO - Playing channel: RS| ARENA PREMIUM 2 ⱽᴵᴾ ᴿᴬᵂ
2025-12-21 02:59:17,674 - ui.player_widget - INFO - ▶️ Playing URL with content_type: 'tv'
2025-12-21 02:59:17,675 - ui.player_widget - INFO - VLC output set to video_frame (winId: 8390552)
2025-12-21 02:59:17,715 - core.video_player - INFO - Playing URL: http://line.protv.cc:80/97caaa7c67/27bec9d9b26f/1861864
2025-12-21 02:59:18,622 - core.video_player - INFO - VLC mouse/key input enabled
2025-12-21 02:59:21,043 - ui.player_widget - INFO - Entering fullscreen...
2025-12-21 02:59:21,064 - ui.player_widget - INFO - Fullscreen entered
2025-12-21 02:59:22,360 - ui.player_widget - INFO - Exit fullscreen button clicked (TV mode) - exiting fullscreen (playback continues)
2025-12-21 02:59:22,360 - ui.player_widget - INFO - Exiting fullscreen...
2025-12-21 02:59:22,375 - ui.player_widget - INFO - Fullscreen exited
2025-12-21 02:59:23,988 - core.video_player - INFO - Playback paused
2025-12-21 02:59:24,824 - core.video_player - INFO - Playback resumed
2025-12-21 02:59:27,170 - ui.player_widget - INFO - Seeked to position: 119/1000 (11.90%)
2025-12-21 02:59:27,251 - ui.player_widget - INFO - Seeked to position: 119/1000 (11.90%)
2025-12-21 02:59:32,631 - ui.player_widget - INFO - Entering fullscreen...
2025-12-21 02:59:32,653 - ui.player_widget - INFO - Fullscreen entered
2025-12-21 02:59:35,775 - ui.player_widget - INFO - Seeked to position: 504/1000 (50.40%)
2025-12-21 02:59:35,865 - ui.player_widget - INFO - Seeked to position: 504/1000 (50.40%)
2025-12-21 03:00:07,232 - ui.player_widget - INFO - Exit fullscreen button clicked (TV mode) - exiting fullscreen (playback continues)
2025-12-21 03:00:07,233 - ui.player_widget - INFO - Exiting fullscreen...
2025-12-21 03:00:07,242 - ui.player_widget - INFO - Fullscreen exited
2025-12-21 03:00:08,751 - ui.main_window - INFO - Playing channel: RS| ARENA SPORT 2 ⱽᴵᴾ ᴿᴬᵂ
2025-12-21 03:00:08,752 - ui.player_widget - INFO - ▶️ Playing URL with content_type: 'tv'
2025-12-21 03:00:08,752 - ui.player_widget - INFO - VLC output set to video_frame (winId: 8390552)
2025-12-21 03:00:09,273 - core.video_player - INFO - Playing URL: http://line.protv.cc:80/97caaa7c67/27bec9d9b26f/1861861
2025-12-21 03:00:11,344 - core.video_player - ERROR - VLC player encountered an error
2025-12-21 03:00:13,346 - core.video_player - INFO - Reconnecting... Attempt 1/3
2025-12-21 03:00:13,347 - core.video_player - INFO - Playing URL: http://line.protv.cc:80/97caaa7c67/27bec9d9b26f/1861861
2025-12-21 03:00:14,561 - core.video_player - ERROR - VLC player encountered an error
2025-12-21 03:00:15,865 - ui.main_window - INFO - Playing channel: RS| ARENA SPORT 2 PREMIUM HD
2025-12-21 03:00:15,865 - ui.player_widget - INFO - ▶️ Playing URL with content_type: 'tv'
2025-12-21 03:00:15,866 - ui.player_widget - INFO - VLC output set to video_frame (winId: 8390552)
2025-12-21 03:00:15,867 - core.video_player - INFO - Playing URL: http://line.protv.cc:80/97caaa7c67/27bec9d9b26f/801859
2025-12-21 03:00:16,560 - core.video_player - INFO - Reconnecting... Attempt 1/3
2025-12-21 03:00:16,564 - core.video_player - INFO - Playing URL: http://line.protv.cc:80/97caaa7c67/27bec9d9b26f/801859
2025-12-21 03:00:17,443 - core.video_player - INFO - VLC mouse/key input enabled
2025-12-21 03:00:20,142 - ui.main_window - INFO - Stopping video player before returning to menu
2025-12-21 03:00:22,340 - ui.main_window - INFO - Stopping video player before switching to vod
2025-12-21 03:00:23,411 - ui.main_window - INFO - Opening VOD detail: EX - Megdan (2024)
2025-12-21 03:00:24,616 - ui.main_window - INFO - Playing VOD: EX - Megdan (2024)
2025-12-21 03:00:24,617 - ui.player_widget - INFO - ▶️ Playing URL with content_type: 'vod'
2025-12-21 03:00:24,618 - ui.player_widget - INFO - VLC output set to video_frame (winId: 8390552)
2025-12-21 03:00:24,619 - core.video_player - INFO - Playing URL: http://line.protv.cc:80/movie/97caaa7c67/27bec9d9b26f/1753370.mkv
2025-12-21 03:00:24,624 - ui.vod_detail_dialog - INFO - Closing VOD detail dialog: EX - Megdan (2024)
2025-12-21 03:00:25,126 - ui.player_widget - INFO - Entering fullscreen...
2025-12-21 03:00:25,154 - ui.player_widget - INFO - Fullscreen entered
2025-12-21 03:00:25,812 - core.video_player - INFO - VLC mouse/key input enabled
2025-12-21 03:00:27,743 - ui.player_widget - INFO - Seeked to position: 396/1000 (39.60%)
2025-12-21 03:00:27,746 - ui.player_widget - INFO - Seeked to position: 396/1000 (39.60%)
2025-12-21 03:00:27,821 - ui.player_widget - INFO - Seeked to position: 396/1000 (39.60%)
2025-12-21 03:00:29,386 - ui.player_widget - INFO - Exit fullscreen button clicked (VOD/Series mode) - stopping player and exiting fullscreen
2025-12-21 03:00:29,387 - ui.player_widget - INFO - ⏹ Stopping playback
